../Core/Src/main.c:60:6:microDelay	16	static
../Core/Src/main.c:67:9:DHT11_Start	32	static
../Core/Src/main.c:98:9:DHT11_Read	16	static
../Core/Src/main.c:147:1:__io_putchar	16	static
../Core/Src/main.c:159:6:Task_readDHT11	16	static
../Core/Src/main.c:180:6:Task_DisplayLCD	8	static
../Core/Src/main.c:191:6:Task_SendUART	8	static
../Core/Src/main.c:201:6:HAL_UART_RxCpltCallback	24	static
../Core/Src/main.c:221:6:Handle_Command	8	static
../Core/Src/main.c:268:5:main	16	static
../Core/Src/main.c:331:6:SystemClock_Config	72	static
../Core/Src/main.c:371:13:MX_I2C1_Init	8	static
../Core/Src/main.c:405:13:MX_TIM1_Init	32	static
../Core/Src/main.c:451:13:MX_USART1_UART_Init	8	static
../Core/Src/main.c:484:13:MX_GPIO_Init	40	static
../Core/Src/main.c:517:6:Error_Handler	4	static,ignoring_inline_asm
