../Core/Src/main.c:86:5:main	104	static
../Core/Src/main.c:169:6:SystemClock_Config	72	static
../Core/Src/main.c:206:13:MX_I2C1_Init	8	static
../Core/Src/main.c:240:13:MX_TIM1_Init	32	static
../Core/Src/main.c:286:13:MX_USART1_UART_Init	8	static
../Core/Src/main.c:319:13:MX_GPIO_Init	32	static
../Core/Src/main.c:354:6:StartDefaultTask	16	static
../Core/Src/main.c:370:6:Task_DisplayLCD	16	static
../Core/Src/main.c:384:6:Task_TransmitUART	48	static
../Core/Src/main.c:401:6:HAL_TIM_PeriodElapsedCallback	16	static
../Core/Src/main.c:418:6:Error_Handler	4	static,ignoring_inline_asm
