../Core/Src/main.c:66:6:microDelay	16	static
../Core/Src/main.c:73:9:DHT11_Start	32	static
../Core/Src/main.c:104:9:DHT11_Read	16	static
../Core/Src/main.c:146:1:__io_putchar	16	static
../Core/Src/main.c:161:6:HAL_UART_RxCpltCallback	24	static
../Core/Src/main.c:182:6:Handle_Command	8	static
../Core/Src/main.c:226:5:main	144	static
../Core/Src/main.c:323:6:SystemClock_Config	72	static
../Core/Src/main.c:363:13:MX_I2C1_Init	8	static
../Core/Src/main.c:397:13:MX_TIM1_Init	32	static
../Core/Src/main.c:443:13:MX_USART1_UART_Init	8	static
../Core/Src/main.c:476:13:MX_GPIO_Init	40	static
../Core/Src/main.c:512:6:StartDefaultTask	16	static
../Core/Src/main.c:541:6:StartTask02	24	static
../Core/Src/main.c:575:6:StartTask03	16	static
../Core/Src/main.c:600:6:StartTask04	16	static
../Core/Src/main.c:628:6:HAL_TIM_PeriodElapsedCallback	16	static
../Core/Src/main.c:645:6:Error_Handler	4	static,ignoring_inline_asm
